{
 "add_total_row": 1,
 "columns": [],
 "creation": "2024-06-27 16:06:36.996116",
 "disabled": 0,
 "docstatus": 0,
 "doctype": "Report",
 "filters": [],
 "idx": 0,
 "is_standard": "Yes",
 "letterhead": null,
 "modified": "2024-06-27 16:06:36.996116",
 "modified_by": "Administrator",
 "module": "Donor Management",
 "name": "Overall Donation Expected",
 "owner": "Administrator",
 "prepared_report": 0,
 "ref_doctype": "Funder",
 "report_name": "Overall Donation Expected",
 "report_type": "Query Report",
 "roles": [
  {
   "role": "System Manager"
  }
 ]
}