{
 "aggregate_function_based_on": "",
 "creation": "2024-06-27 14:56:18.732340",
 "docstatus": 0,
 "doctype": "Number Card",
 "document_type": "Funder",
 "dynamic_filters_json": "{}",
 "filters_json": "{}",
 "function": "Count",
 "idx": 0,
 "is_public": 0,
 "is_standard": 1,
 "label": "Overall Donation Expected",
 "modified": "2024-06-28 15:20:49.068284",
 "modified_by": "Administrator",
 "module": "Donor Management",
 "name": "Overall Donation Expected",
 "owner": "Administrator",
 "parent_document_type": "",
 "report_field": "total_expected_amount",
 "report_function": "Sum",
 "report_name": "Overall Donation Expected",
 "show_percentage_stats": 1,
 "stats_time_interval": "Monthly",
 "type": "Report"
}